// Jest Snapshot v1, https://goo.gl/fbAQLP

exports[`<ProgressWrapper /> renders as expected 1`] = `
{
  "asFragment": [Function],
  "baseElement": <body>
    <div>
      <div
        class="h-full flex flex-col w-full md:pb-[64px] md:px-[83px] px-[16px] py-[32px] bg-white md:rounded-xl md:shadow-xl "
      >
        <div
          class="h-[40px] hidden md:block"
        >
          <div>
            <p
              data-testid="back-button-href"
            >
              /back-url
            </p>
          </div>
        </div>
        <div
          class="flex flex-col gap-y-[24px] md:gap-y-[30px] grow"
        >
          <h3
            class="font-baskervald text-[20px] md:text-[38px]"
            data-testid="step-header-text"
          >
            test title
          </h3>
          <div>
            <p
              data-testid="progress-bar-currentSegment"
            >
              4
            </p>
            <p
              data-testid="progress-bar-totalSegments"
            >
              4
            </p>
          </div>
          <div
            class="flex grow"
          >
            <p
              data-testid="test-child-component"
            >
              CHILDREN
            </p>
          </div>
          <div
            class="grow md:hidden"
          />
          <div
            class="flex self-end md:self-auto"
          >
            <div>
              <button
                data-testid="button-clickable"
              >
                Continue
              </button>
              <p
                data-testid="button-isDisabled"
              >
                false
              </p>
            </div>
          </div>
        </div>
      </div>
    </div>
  </body>,
  "container": <div>
    <div
      class="h-full flex flex-col w-full md:pb-[64px] md:px-[83px] px-[16px] py-[32px] bg-white md:rounded-xl md:shadow-xl "
    >
      <div
        class="h-[40px] hidden md:block"
      >
        <div>
          <p
            data-testid="back-button-href"
          >
            /back-url
          </p>
        </div>
      </div>
      <div
        class="flex flex-col gap-y-[24px] md:gap-y-[30px] grow"
      >
        <h3
          class="font-baskervald text-[20px] md:text-[38px]"
          data-testid="step-header-text"
        >
          test title
        </h3>
        <div>
          <p
            data-testid="progress-bar-currentSegment"
          >
            4
          </p>
          <p
            data-testid="progress-bar-totalSegments"
          >
            4
          </p>
        </div>
        <div
          class="flex grow"
        >
          <p
            data-testid="test-child-component"
          >
            CHILDREN
          </p>
        </div>
        <div
          class="grow md:hidden"
        />
        <div
          class="flex self-end md:self-auto"
        >
          <div>
            <button
              data-testid="button-clickable"
            >
              Continue
            </button>
            <p
              data-testid="button-isDisabled"
            >
              false
            </p>
          </div>
        </div>
      </div>
    </div>
  </div>,
  "debug": [Function],
  "findAllByAltText": [Function],
  "findAllByDisplayValue": [Function],
  "findAllByLabelText": [Function],
  "findAllByPlaceholderText": [Function],
  "findAllByRole": [Function],
  "findAllByTestId": [Function],
  "findAllByText": [Function],
  "findAllByTitle": [Function],
  "findByAltText": [Function],
  "findByDisplayValue": [Function],
  "findByLabelText": [Function],
  "findByPlaceholderText": [Function],
  "findByRole": [Function],
  "findByTestId": [Function],
  "findByText": [Function],
  "findByTitle": [Function],
  "getAllByAltText": [Function],
  "getAllByDisplayValue": [Function],
  "getAllByLabelText": [Function],
  "getAllByPlaceholderText": [Function],
  "getAllByRole": [Function],
  "getAllByTestId": [Function],
  "getAllByText": [Function],
  "getAllByTitle": [Function],
  "getByAltText": [Function],
  "getByDisplayValue": [Function],
  "getByLabelText": [Function],
  "getByPlaceholderText": [Function],
  "getByRole": [Function],
  "getByTestId": [Function],
  "getByText": [Function],
  "getByTitle": [Function],
  "queryAllByAltText": [Function],
  "queryAllByDisplayValue": [Function],
  "queryAllByLabelText": [Function],
  "queryAllByPlaceholderText": [Function],
  "queryAllByRole": [Function],
  "queryAllByTestId": [Function],
  "queryAllByText": [Function],
  "queryAllByTitle": [Function],
  "queryByAltText": [Function],
  "queryByDisplayValue": [Function],
  "queryByLabelText": [Function],
  "queryByPlaceholderText": [Function],
  "queryByRole": [Function],
  "queryByTestId": [Function],
  "queryByText": [Function],
  "queryByTitle": [Function],
  "rerender": [Function],
  "unmount": [Function],
}
`;
