// Jest Snapshot v1, https://goo.gl/fbAQLP

exports[`<TimeslotPicker /> renders correctly 1`] = `
{
  "asFragment": [Function],
  "baseElement": <body>
    <div>
      <div
        class="flex w-full flex-col justify-start gap-y-[48px] md:gap-y-[80px]"
      >
        <p
          class="font-baskervald text-[1.625rem] md:text-[3.125rem]"
        >
          Saturday, 6 JULY 2024
        </p>
        <div
          class="flex w-full"
        >
          <div
            class="ml-auto gap-x-8 gap-y-[16px] grid grid-flow-col md:grid-rows-none md:ml-0 md:grid-flow-row md:grid-cols-5 md:w-full grid-rows-5"
          >
            <div
              class="w-fit"
            >
              <button
                class="secondary"
                data-testid="08:00"
              />
            </div>
            <div
              class="w-fit"
            >
              <button
                class="secondary"
                data-testid="09:00"
              />
            </div>
            <div
              class="w-fit"
            >
              <button
                class="secondary"
                data-testid="10:00"
              />
            </div>
            <div
              class="w-fit"
            >
              <button
                class="secondary"
                data-testid="11:00"
              />
            </div>
            <div
              class="w-fit"
            >
              <button
                class="secondary"
                data-testid="12:00"
              />
            </div>
            <div
              class="w-fit"
            >
              <button
                class="secondary"
                data-testid="13:00"
              />
            </div>
            <div
              class="w-fit"
            >
              <button
                class="secondary"
                data-testid="14:00"
              />
            </div>
            <div
              class="w-fit"
            >
              <button
                class="secondary"
                data-testid="15:00"
              />
            </div>
            <div
              class="w-fit"
            >
              <button
                class="secondary"
                data-testid="16:00"
              />
            </div>
            <div
              class="w-fit"
            >
              <button
                class="secondary"
                data-testid="17:00"
              />
            </div>
          </div>
        </div>
      </div>
    </div>
  </body>,
  "container": <div>
    <div
      class="flex w-full flex-col justify-start gap-y-[48px] md:gap-y-[80px]"
    >
      <p
        class="font-baskervald text-[1.625rem] md:text-[3.125rem]"
      >
        Saturday, 6 JULY 2024
      </p>
      <div
        class="flex w-full"
      >
        <div
          class="ml-auto gap-x-8 gap-y-[16px] grid grid-flow-col md:grid-rows-none md:ml-0 md:grid-flow-row md:grid-cols-5 md:w-full grid-rows-5"
        >
          <div
            class="w-fit"
          >
            <button
              class="secondary"
              data-testid="08:00"
            />
          </div>
          <div
            class="w-fit"
          >
            <button
              class="secondary"
              data-testid="09:00"
            />
          </div>
          <div
            class="w-fit"
          >
            <button
              class="secondary"
              data-testid="10:00"
            />
          </div>
          <div
            class="w-fit"
          >
            <button
              class="secondary"
              data-testid="11:00"
            />
          </div>
          <div
            class="w-fit"
          >
            <button
              class="secondary"
              data-testid="12:00"
            />
          </div>
          <div
            class="w-fit"
          >
            <button
              class="secondary"
              data-testid="13:00"
            />
          </div>
          <div
            class="w-fit"
          >
            <button
              class="secondary"
              data-testid="14:00"
            />
          </div>
          <div
            class="w-fit"
          >
            <button
              class="secondary"
              data-testid="15:00"
            />
          </div>
          <div
            class="w-fit"
          >
            <button
              class="secondary"
              data-testid="16:00"
            />
          </div>
          <div
            class="w-fit"
          >
            <button
              class="secondary"
              data-testid="17:00"
            />
          </div>
        </div>
      </div>
    </div>
  </div>,
  "debug": [Function],
  "findAllByAltText": [Function],
  "findAllByDisplayValue": [Function],
  "findAllByLabelText": [Function],
  "findAllByPlaceholderText": [Function],
  "findAllByRole": [Function],
  "findAllByTestId": [Function],
  "findAllByText": [Function],
  "findAllByTitle": [Function],
  "findByAltText": [Function],
  "findByDisplayValue": [Function],
  "findByLabelText": [Function],
  "findByPlaceholderText": [Function],
  "findByRole": [Function],
  "findByTestId": [Function],
  "findByText": [Function],
  "findByTitle": [Function],
  "getAllByAltText": [Function],
  "getAllByDisplayValue": [Function],
  "getAllByLabelText": [Function],
  "getAllByPlaceholderText": [Function],
  "getAllByRole": [Function],
  "getAllByTestId": [Function],
  "getAllByText": [Function],
  "getAllByTitle": [Function],
  "getByAltText": [Function],
  "getByDisplayValue": [Function],
  "getByLabelText": [Function],
  "getByPlaceholderText": [Function],
  "getByRole": [Function],
  "getByTestId": [Function],
  "getByText": [Function],
  "getByTitle": [Function],
  "queryAllByAltText": [Function],
  "queryAllByDisplayValue": [Function],
  "queryAllByLabelText": [Function],
  "queryAllByPlaceholderText": [Function],
  "queryAllByRole": [Function],
  "queryAllByTestId": [Function],
  "queryAllByText": [Function],
  "queryAllByTitle": [Function],
  "queryByAltText": [Function],
  "queryByDisplayValue": [Function],
  "queryByLabelText": [Function],
  "queryByPlaceholderText": [Function],
  "queryByRole": [Function],
  "queryByTestId": [Function],
  "queryByText": [Function],
  "queryByTitle": [Function],
  "rerender": [Function],
  "unmount": [Function],
}
`;
