// Jest Snapshot v1, https://goo.gl/fbAQLP

exports[`<DateInput/> renders correctly 1`] = `
{
  "asFragment": [Function],
  "baseElement": <body>
    <div>
      <div
        class="md:h-[77px] h-[72px]"
      >
        <div
          class="text-left md:text-[1.313rem] text-[17px] font-normal font-lato"
        />
        <div
          class="dateInputsContainer"
        >
          <input
            class="w-[69px] text-center pr-0 pl-0  false"
            data-testid="day"
            maxlength="2"
            name="day"
            placeholder="DD"
            type="text"
          />
          <input
            class="w-[69px] text-center pr-0 pl-0 false"
            data-testid="month"
            maxlength="2"
            name="month"
            placeholder="MM"
            type="text"
          />
          <input
            class="w-[79px] text-center pr-0 pl-0 false"
            data-testid="year"
            maxlength="4"
            name="year"
            placeholder="YYYY"
            type="text"
          />
        </div>
      </div>
    </div>
  </body>,
  "container": <div>
    <div
      class="md:h-[77px] h-[72px]"
    >
      <div
        class="text-left md:text-[1.313rem] text-[17px] font-normal font-lato"
      />
      <div
        class="dateInputsContainer"
      >
        <input
          class="w-[69px] text-center pr-0 pl-0  false"
          data-testid="day"
          maxlength="2"
          name="day"
          placeholder="DD"
          type="text"
        />
        <input
          class="w-[69px] text-center pr-0 pl-0 false"
          data-testid="month"
          maxlength="2"
          name="month"
          placeholder="MM"
          type="text"
        />
        <input
          class="w-[79px] text-center pr-0 pl-0 false"
          data-testid="year"
          maxlength="4"
          name="year"
          placeholder="YYYY"
          type="text"
        />
      </div>
    </div>
  </div>,
  "debug": [Function],
  "findAllByAltText": [Function],
  "findAllByDisplayValue": [Function],
  "findAllByLabelText": [Function],
  "findAllByPlaceholderText": [Function],
  "findAllByRole": [Function],
  "findAllByTestId": [Function],
  "findAllByText": [Function],
  "findAllByTitle": [Function],
  "findByAltText": [Function],
  "findByDisplayValue": [Function],
  "findByLabelText": [Function],
  "findByPlaceholderText": [Function],
  "findByRole": [Function],
  "findByTestId": [Function],
  "findByText": [Function],
  "findByTitle": [Function],
  "getAllByAltText": [Function],
  "getAllByDisplayValue": [Function],
  "getAllByLabelText": [Function],
  "getAllByPlaceholderText": [Function],
  "getAllByRole": [Function],
  "getAllByTestId": [Function],
  "getAllByText": [Function],
  "getAllByTitle": [Function],
  "getByAltText": [Function],
  "getByDisplayValue": [Function],
  "getByLabelText": [Function],
  "getByPlaceholderText": [Function],
  "getByRole": [Function],
  "getByTestId": [Function],
  "getByText": [Function],
  "getByTitle": [Function],
  "queryAllByAltText": [Function],
  "queryAllByDisplayValue": [Function],
  "queryAllByLabelText": [Function],
  "queryAllByPlaceholderText": [Function],
  "queryAllByRole": [Function],
  "queryAllByTestId": [Function],
  "queryAllByText": [Function],
  "queryAllByTitle": [Function],
  "queryByAltText": [Function],
  "queryByDisplayValue": [Function],
  "queryByLabelText": [Function],
  "queryByPlaceholderText": [Function],
  "queryByRole": [Function],
  "queryByTestId": [Function],
  "queryByText": [Function],
  "queryByTitle": [Function],
  "rerender": [Function],
  "unmount": [Function],
}
`;
