// Jest Snapshot v1, https://goo.gl/fbAQLP

exports[`<EnterButton /> renders correctly 1`] = `
{
  "asFragment": [Function],
  "baseElement": <body>
    <div>
      <button
        class="enterButton"
      >
        <svg
          fill="none"
          height="32"
          viewBox="0 0 32 32"
          width="32"
          xmlns="http://www.w3.org/2000/svg"
        >
          <g
            id="Group"
          >
            <path
              d="M24 1.14307H7.99997C4.21287 1.14307 1.14282 4.21311 1.14282 8.00021V24.0002C1.14282 27.7873 4.21287 30.8574 7.99997 30.8574H24C27.7871 30.8574 30.8571 27.7873 30.8571 24.0002V8.00021C30.8571 4.21311 27.7871 1.14307 24 1.14307Z"
              id="Vector"
              stroke-linecap="round"
              stroke-linejoin="round"
              stroke-width="2"
            />
            <path
              d="M9.14282 16L16 8L22.8571 16"
              id="Vector_2"
              stroke-linecap="round"
              stroke-linejoin="round"
              stroke-width="2"
            />
            <path
              d="M16 8V24"
              id="Vector_3"
              stroke-linecap="round"
              stroke-linejoin="round"
              stroke-width="2"
            />
          </g>
        </svg>
      </button>
    </div>
  </body>,
  "container": <div>
    <button
      class="enterButton"
    >
      <svg
        fill="none"
        height="32"
        viewBox="0 0 32 32"
        width="32"
        xmlns="http://www.w3.org/2000/svg"
      >
        <g
          id="Group"
        >
          <path
            d="M24 1.14307H7.99997C4.21287 1.14307 1.14282 4.21311 1.14282 8.00021V24.0002C1.14282 27.7873 4.21287 30.8574 7.99997 30.8574H24C27.7871 30.8574 30.8571 27.7873 30.8571 24.0002V8.00021C30.8571 4.21311 27.7871 1.14307 24 1.14307Z"
            id="Vector"
            stroke-linecap="round"
            stroke-linejoin="round"
            stroke-width="2"
          />
          <path
            d="M9.14282 16L16 8L22.8571 16"
            id="Vector_2"
            stroke-linecap="round"
            stroke-linejoin="round"
            stroke-width="2"
          />
          <path
            d="M16 8V24"
            id="Vector_3"
            stroke-linecap="round"
            stroke-linejoin="round"
            stroke-width="2"
          />
        </g>
      </svg>
    </button>
  </div>,
  "debug": [Function],
  "findAllByAltText": [Function],
  "findAllByDisplayValue": [Function],
  "findAllByLabelText": [Function],
  "findAllByPlaceholderText": [Function],
  "findAllByRole": [Function],
  "findAllByTestId": [Function],
  "findAllByText": [Function],
  "findAllByTitle": [Function],
  "findByAltText": [Function],
  "findByDisplayValue": [Function],
  "findByLabelText": [Function],
  "findByPlaceholderText": [Function],
  "findByRole": [Function],
  "findByTestId": [Function],
  "findByText": [Function],
  "findByTitle": [Function],
  "getAllByAltText": [Function],
  "getAllByDisplayValue": [Function],
  "getAllByLabelText": [Function],
  "getAllByPlaceholderText": [Function],
  "getAllByRole": [Function],
  "getAllByTestId": [Function],
  "getAllByText": [Function],
  "getAllByTitle": [Function],
  "getByAltText": [Function],
  "getByDisplayValue": [Function],
  "getByLabelText": [Function],
  "getByPlaceholderText": [Function],
  "getByRole": [Function],
  "getByTestId": [Function],
  "getByText": [Function],
  "getByTitle": [Function],
  "queryAllByAltText": [Function],
  "queryAllByDisplayValue": [Function],
  "queryAllByLabelText": [Function],
  "queryAllByPlaceholderText": [Function],
  "queryAllByRole": [Function],
  "queryAllByTestId": [Function],
  "queryAllByText": [Function],
  "queryAllByTitle": [Function],
  "queryByAltText": [Function],
  "queryByDisplayValue": [Function],
  "queryByLabelText": [Function],
  "queryByPlaceholderText": [Function],
  "queryByRole": [Function],
  "queryByTestId": [Function],
  "queryByText": [Function],
  "queryByTitle": [Function],
  "rerender": [Function],
  "unmount": [Function],
}
`;
