// Jest Snapshot v1, https://goo.gl/fbAQLP

exports[`<PreferredMethodOfContact /> renders correctly 1`] = `
{
  "asFragment": [Function],
  "baseElement": <body>
    <div>
      <div
        class="text-[1.313rem] w-[23.438rem]"
      >
        <p
          class="font-bold"
        >
          Preferred method of contact
        </p>
        <div
          data-testid="mock-radio"
        >
          <p
            data-testid="mock-radio-group-name"
          >
            preferredContactMethodRadioButton
          </p>
          <p
            data-testid="mock-radio-option-0"
          >
            Phone
          </p>
          <p
            data-testid="mock-radio-option-1"
          >
            Email
          </p>
          <p
            data-testid="mock-default-index-selected"
          />
        </div>
      </div>
    </div>
  </body>,
  "container": <div>
    <div
      class="text-[1.313rem] w-[23.438rem]"
    >
      <p
        class="font-bold"
      >
        Preferred method of contact
      </p>
      <div
        data-testid="mock-radio"
      >
        <p
          data-testid="mock-radio-group-name"
        >
          preferredContactMethodRadioButton
        </p>
        <p
          data-testid="mock-radio-option-0"
        >
          Phone
        </p>
        <p
          data-testid="mock-radio-option-1"
        >
          Email
        </p>
        <p
          data-testid="mock-default-index-selected"
        />
      </div>
    </div>
  </div>,
  "debug": [Function],
  "findAllByAltText": [Function],
  "findAllByDisplayValue": [Function],
  "findAllByLabelText": [Function],
  "findAllByPlaceholderText": [Function],
  "findAllByRole": [Function],
  "findAllByTestId": [Function],
  "findAllByText": [Function],
  "findAllByTitle": [Function],
  "findByAltText": [Function],
  "findByDisplayValue": [Function],
  "findByLabelText": [Function],
  "findByPlaceholderText": [Function],
  "findByRole": [Function],
  "findByTestId": [Function],
  "findByText": [Function],
  "findByTitle": [Function],
  "getAllByAltText": [Function],
  "getAllByDisplayValue": [Function],
  "getAllByLabelText": [Function],
  "getAllByPlaceholderText": [Function],
  "getAllByRole": [Function],
  "getAllByTestId": [Function],
  "getAllByText": [Function],
  "getAllByTitle": [Function],
  "getByAltText": [Function],
  "getByDisplayValue": [Function],
  "getByLabelText": [Function],
  "getByPlaceholderText": [Function],
  "getByRole": [Function],
  "getByTestId": [Function],
  "getByText": [Function],
  "getByTitle": [Function],
  "queryAllByAltText": [Function],
  "queryAllByDisplayValue": [Function],
  "queryAllByLabelText": [Function],
  "queryAllByPlaceholderText": [Function],
  "queryAllByRole": [Function],
  "queryAllByTestId": [Function],
  "queryAllByText": [Function],
  "queryAllByTitle": [Function],
  "queryByAltText": [Function],
  "queryByDisplayValue": [Function],
  "queryByLabelText": [Function],
  "queryByPlaceholderText": [Function],
  "queryByRole": [Function],
  "queryByTestId": [Function],
  "queryByText": [Function],
  "queryByTitle": [Function],
  "rerender": [Function],
  "unmount": [Function],
}
`;
