// Jest Snapshot v1, https://goo.gl/fbAQLP

exports[`<BackButton /> renders correctly 1`] = `
{
  "asFragment": [Function],
  "baseElement": <body>
    <div>
      <button
        class="h-6 w-16"
        data-testid="back-button"
      >
        <div
          class="flex flex-row"
        >
          <img
            class="border-[1.5px] border-black rounded-lg py-[6px] w-6 h-6"
            src="/img/back-arrow.svg"
          />
          <span
            class="flex justify-center text-base pl-[7px] font-baskervald"
          >
            Back
          </span>
        </div>
      </button>
    </div>
    <div>
      <button
        class="h-6 w-16"
        data-testid="back-button"
      >
        <div
          class="flex flex-row"
        >
          <img
            class="border-[1.5px] border-black rounded-lg py-[6px] w-6 h-6"
            src="/img/back-arrow.svg"
          />
          <span
            class="flex justify-center text-base pl-[7px] font-baskervald"
          >
            Back
          </span>
        </div>
      </button>
    </div>
  </body>,
  "container": <div>
    <button
      class="h-6 w-16"
      data-testid="back-button"
    >
      <div
        class="flex flex-row"
      >
        <img
          class="border-[1.5px] border-black rounded-lg py-[6px] w-6 h-6"
          src="/img/back-arrow.svg"
        />
        <span
          class="flex justify-center text-base pl-[7px] font-baskervald"
        >
          Back
        </span>
      </div>
    </button>
  </div>,
  "debug": [Function],
  "findAllByAltText": [Function],
  "findAllByDisplayValue": [Function],
  "findAllByLabelText": [Function],
  "findAllByPlaceholderText": [Function],
  "findAllByRole": [Function],
  "findAllByTestId": [Function],
  "findAllByText": [Function],
  "findAllByTitle": [Function],
  "findByAltText": [Function],
  "findByDisplayValue": [Function],
  "findByLabelText": [Function],
  "findByPlaceholderText": [Function],
  "findByRole": [Function],
  "findByTestId": [Function],
  "findByText": [Function],
  "findByTitle": [Function],
  "getAllByAltText": [Function],
  "getAllByDisplayValue": [Function],
  "getAllByLabelText": [Function],
  "getAllByPlaceholderText": [Function],
  "getAllByRole": [Function],
  "getAllByTestId": [Function],
  "getAllByText": [Function],
  "getAllByTitle": [Function],
  "getByAltText": [Function],
  "getByDisplayValue": [Function],
  "getByLabelText": [Function],
  "getByPlaceholderText": [Function],
  "getByRole": [Function],
  "getByTestId": [Function],
  "getByText": [Function],
  "getByTitle": [Function],
  "queryAllByAltText": [Function],
  "queryAllByDisplayValue": [Function],
  "queryAllByLabelText": [Function],
  "queryAllByPlaceholderText": [Function],
  "queryAllByRole": [Function],
  "queryAllByTestId": [Function],
  "queryAllByText": [Function],
  "queryAllByTitle": [Function],
  "queryByAltText": [Function],
  "queryByDisplayValue": [Function],
  "queryByLabelText": [Function],
  "queryByPlaceholderText": [Function],
  "queryByRole": [Function],
  "queryByTestId": [Function],
  "queryByText": [Function],
  "queryByTitle": [Function],
  "rerender": [Function],
  "unmount": [Function],
}
`;
